
> temp-app@0.1.0 build
> next build

Γû▓ Next.js 16.2.3 (Turbopack)
- Environments: .env.local

  Creating an optimized production build ...
cmd : Error: Cannot apply unknown utility class `border-border`
At line:1 char:1
+ cmd /c npm run build > build_output.log 2>&1
+ ~~~~~~~~~~~~~~~~~~~~~~~~~~~~~~~~~~~~~~~~~~~~
    + CategoryInfo          : NotSpecified: (Error: Cannot a...`border-border`:String) [], RemoteException
    + FullyQualifiedErrorId : NativeCommandError
 
    [2m[at onInvalidCandidate (D:\YC Medical Auditor\node_modules\tailwindcss\dist\lib.js:21:1511)][0m
    [2m[at Ee (D:\YC Medical Auditor\node_modules\tailwindcss\dist\lib.js:16:37066)][0m
    [2m[at D:\YC Medical Auditor\node_modules\tailwindcss\dist\lib.js:21:355][0m
    [2m[at _r (D:\YC Medical Auditor\node_modules\tailwindcss\dist\lib.js:3:1733)][0m
    [2m[at I (D:\YC Medical Auditor\node_modules\tailwindcss\dist\lib.js:3:1377)][0m
    [2m[at Te (D:\YC Medical Auditor\node_modules\tailwindcss\dist\lib.js:21:172)][0m
    [2m[at mn (D:\YC Medical Auditor\node_modules\tailwindcss\dist\lib.js:38:294)][0m
    [2m[at async gn (D:\YC Medical Auditor\node_modules\tailwindcss\dist\lib.js:38:631)][0m
    [2m[at async Xr (D:\YC Medical Auditor\node_modules\@tailwindcss\node\dist\index.js:10:3416)][0m
    [2m[at async N (D:\YC Medical Auditor\node_modules\@tailwindcss\postcss\dist\index.js:10:3979)][0m

> Build error occurred
Error: Turbopack build failed with 1 errors:
./src/app/globals.css
Error evaluating Node.js code
CssSyntaxError: tailwindcss: D:\YC Medical Auditor\src\app\globals.css:1:1: Cannot apply unknown utility class 
`border-border`
    at Input.error (node_modules/postcss/lib/input.js:135:16) [D:\YC Medical 
Auditor\.next\build\chunks\node_modules_13sb.px._.js:4652:22]
    at error (node_modules/postcss/lib/node.js:146:32) [D:\YC Medical 
Auditor\.next\build\chunks\node_modules_13sb.px._.js:928:38]
    [at Object.Once (D:\YC Medical Auditor\node_modules\@tailwindcss\postcss\dist\index.js:10:6913)]
    at async LazyResult.runAsync (node_modules/postcss/lib/lazy-result.js:293:11) [D:\YC Medical 
Auditor\.next\build\chunks\node_modules_13sb.px._.js:6215:21]
    at async transform (turbopack:///[turbopack-node]/transforms/postcss.ts:70:34) [D:\YC Medical 
Auditor\.next\build\chunks\[root-of-the-server]__0d-m0h0._.js:146:36]
    at async run (turbopack:///[turbopack-node]/child_process/evaluate.ts:89:23) [D:\YC Medical 
Auditor\.next\build\chunks\[root-of-the-server]__0ubbtyl._.js:443:31]

Import trace:
  Client Component Browser:
    ./src/app/globals.css [Client Component Browser]
    ./src/app/layout.tsx [Server Component]


    at async transform (turbopack:///[turbopack-node]/transforms/postcss.ts:70:34) [D:\YC Medical 
Auditor\.next\build\chunks\[root-of-the-server]__0d-m0h0._.js:146:36])
    at async run (turbopack:///[turbopack-node]/child_process/evaluate.ts:89:23) [D:\YC Medical 
Auditor\.next\build\chunks\[root-of-the-server]__0ubbtyl._.js:443:31])
